// Jest Snapshot v1, https://goo.gl/fbAQLP

exports[`App tests Will match the snapshot 1`] = `
<h1>
  Hello world, welcome to descholar's portfolio
</h1>
`;
